// Jest Snapshot v1, https://goo.gl/fbAQLP

exports[`renders disabled sites management correctly 1`] = `
<form
  action={undefined}
  className="ui form"
  onSubmit={[Function]}
>
  <div
    className="field"
  >
    <textarea
      disabled={undefined}
      onChange={[Function]}
      required={undefined}
      rows={4}
      style={
        Object {
          "resize": "",
        }
      }
      type={undefined}
      value=""
    />
  </div>
</form>
`;
