// Jest Snapshot v1, https://goo.gl/fbAQLP

exports[`renders compression settings correctly 1`] = `
<div
  className="ui fluid action labeled input"
>
  <div
    className="ui label label"
    onClick={[Function]}
  >
    URL
  </div>
  <input
    onChange={[Function]}
    type="url"
    value="http://test.io"
  />
  <button
    className="ui icon button button"
    onClick={[Function]}
    tabIndex={undefined}
  >
    <i
      aria-hidden="true"
      className="history icon"
    />
     
  </button>
</div>
`;
