// Jest Snapshot v1, https://goo.gl/fbAQLP

exports[`renders header correctly 1`] = `
<div
  className="ui container"
  style={
    Object {
      "padding": "1em 0",
    }
  }
>
  <div
    className="ui grid"
  >
    <div
      className="twelve wide column"
    >
      <img
        alt={undefined}
        className="ui image"
        height={undefined}
        src="test-file-stub"
        width={undefined}
      />
    </div>
    <div
      className="center aligned middle aligned four wide column"
    >
      <div
        className="ui fitted toggle checkbox"
        onChange={[Function]}
        onClick={[Function]}
        onMouseDown={[Function]}
      >
        <input
          checked={false}
          className="hidden"
          name={undefined}
          readOnly={true}
          tabIndex={0}
          type="checkbox"
          value={undefined}
        />
        <label />
      </div>
    </div>
  </div>
</div>
`;
